06:11:41 **** Incremental Build of configuration Debug for project pepper_dryer ****
make -j12 all 
arm-none-eabi-gcc "../Core/Src/main.c" -mcpu=cortex-m3 -std=gnu11 -g3 -DDEBUG -DUSE_HAL_DRIVER -DSTM32F103xB -c -I../Core/Inc -I../Drivers/STM32F1xx_HAL_Driver/Inc -I../Drivers/STM32F1xx_HAL_Driver/Inc/Legacy -I../Drivers/CMSIS/Device/ST/STM32F1xx/Include -I../Drivers/CMSIS/Include -O0 -ffunction-sections -fdata-sections -Wall -fstack-usage -MMD -MP -MF"Core/Src/main.d" -MT"Core/Src/main.o" --specs=nano.specs -mfloat-abi=soft -mthumb -o "Core/Src/main.o"
arm-none-eabi-gcc -o "pepper_dryer.elf" @"objects.list"   -mcpu=cortex-m3 -T"D:\github_repository\Embedded_OJ_Tube\pepper_dryer\STM32F103C8TX_FLASH.ld" --specs=nosys.specs -Wl,-Map="pepper_dryer.map" -Wl,--gc-sections -static --specs=nano.specs -mfloat-abi=soft -mthumb -Wl,--start-group -lc -lm -Wl,--end-group
Finished building target: pepper_dryer.elf
 
arm-none-eabi-size   pepper_dryer.elf 
arm-none-eabi-objdump -h -S  pepper_dryer.elf  > "pepper_dryer.list"
   text	   data	    bss	    dec	    hex	filename
   4612	     20	   1572	   6204	   183c	pepper_dryer.elf
Finished building: default.size.stdout
 
Finished building: pepper_dryer.list
 

06:11:43 Build Finished. 0 errors, 0 warnings. (took 1s.200ms)

